// Jest Snapshot v1, https://goo.gl/fbAQLP

exports[`App component renders App 1`] = `
<Fragment>
  <header>
    <img
      className="imgLogo"
      src="main.png"
    />
  </header>
  <BrowserRouter>
    <Link
      to="/"
    >
      HOME
    </Link>
    <Switch>
      <Route
        component={[Function]}
        exact={true}
        path="/details/:charName"
      />
      <Route
        component={[Function]}
        exact={true}
        path="/"
      />
    </Switch>
  </BrowserRouter>
</Fragment>
`;
